// Jest Snapshot v1, https://goo.gl/fbAQLP

exports[`<App /> should render and match the snapshot 1`] = `
<div>
  <BootstrapProvider
    injectGlobal={false}
    reset={false}
    theme={
      Object {
        "$alert-border-radius": ".25rem",
        "$alert-border-width": "1px",
        "$alert-danger-bg": "#f2dede",
        "$alert-danger-border": "hsl(0, 43.5%, 86.4%)",
        "$alert-danger-text": "#a94442",
        "$alert-info-bg": "#d9edf7",
        "$alert-info-border": "hsl(200, 65.2%, 84.6%)",
        "$alert-info-text": "#31708f",
        "$alert-link-font-weight": "bold",
        "$alert-margin-bottom": "1rem",
        "$alert-padding-x": "1.25rem",
        "$alert-padding-y": ".75rem",
        "$alert-success-bg": "#dff0d8",
        "$alert-success-border": "hsl(102.5, 44.4%, 84.9%)",
        "$alert-success-text": "#3c763d",
        "$alert-warning-bg": "#fcf8e3",
        "$alert-warning-border": "hsl(50.39999999999998, 80.6%, 89.2%)",
        "$alert-warning-text": "#8a6d3b",
        "$badge-color": "#fff",
        "$badge-danger-bg": "#d9534f",
        "$badge-default-bg": "#636c72",
        "$badge-font-size": "75%",
        "$badge-font-weight": "bold",
        "$badge-info-bg": "#5bc0de",
        "$badge-link-hover-color": "#fff",
        "$badge-padding-x": ".4em",
        "$badge-padding-y": ".25em",
        "$badge-pill-border-radius": "10rem",
        "$badge-pill-padding-x": ".6em",
        "$badge-primary-bg": "#0275d8",
        "$badge-success-bg": "#5cb85c",
        "$badge-warning-bg": "#f0ad4e",
        "$black": "#000",
        "$blockquote-border-color": "#eceeef",
        "$blockquote-border-width": ".25rem",
        "$blockquote-font-size": "1.25rem",
        "$blockquote-small-color": "#636c72",
        "$blue": "#0275d8",
        "$body-bg": "#fff",
        "$body-color": "#292b2c",
        "$border-radius": ".25rem",
        "$border-radius-lg": ".3rem",
        "$border-radius-sm": ".2rem",
        "$border-width": "1px",
        "$brand-danger": "#d9534f",
        "$brand-info": "#5bc0de",
        "$brand-inverse": "#292b2c",
        "$brand-primary": "#0275d8",
        "$brand-success": "#5cb85c",
        "$brand-warning": "#f0ad4e",
        "$breadcrumb-active-color": "#636c72",
        "$breadcrumb-bg": "#eceeef",
        "$breadcrumb-divider": "\\"/\\"",
        "$breadcrumb-divider-color": "#636c72",
        "$breadcrumb-item-padding": ".5rem",
        "$breadcrumb-padding-x": "1rem",
        "$breadcrumb-padding-y": ".75rem",
        "$btn-active-box-shadow": "inset 0 3px 5px rgba(0, 0, 0, 0.125)",
        "$btn-block-spacing-y": ".5rem",
        "$btn-border-radius": ".25rem",
        "$btn-border-radius-lg": ".3rem",
        "$btn-border-radius-sm": ".2rem",
        "$btn-border-width": "1px",
        "$btn-box-shadow": "inset 0 1px 0 rgba(255, 255, 255, 0.15), 0 1px 1px rgba(0, 0, 0, 0.075)",
        "$btn-danger-bg": "#d9534f",
        "$btn-danger-border": "#d9534f",
        "$btn-danger-color": "#fff",
        "$btn-disabled-opacity": ".65",
        "$btn-focus-box-shadow": "0 0 0 2px rgba(2, 117, 216, 0.25)",
        "$btn-font-weight": "normal",
        "$btn-info-bg": "#5bc0de",
        "$btn-info-border": "#5bc0de",
        "$btn-info-color": "#fff",
        "$btn-line-height": "1.25",
        "$btn-link-disabled-color": "#636c72",
        "$btn-padding-x": "1rem",
        "$btn-padding-x-lg": "1.5rem",
        "$btn-padding-x-sm": ".5rem",
        "$btn-padding-y": ".5rem",
        "$btn-padding-y-lg": ".75rem",
        "$btn-padding-y-sm": ".25rem",
        "$btn-primary-bg": "#0275d8",
        "$btn-primary-border": "#0275d8",
        "$btn-primary-color": "#fff",
        "$btn-secondary-bg": "#fff",
        "$btn-secondary-border": "#ccc",
        "$btn-secondary-color": "#292b2c",
        "$btn-success-bg": "#5cb85c",
        "$btn-success-border": "#5cb85c",
        "$btn-success-color": "#fff",
        "$btn-transition": "all .2s ease-in-out",
        "$btn-warning-bg": "#f0ad4e",
        "$btn-warning-border": "#f0ad4e",
        "$btn-warning-color": "#fff",
        "$card-bg": "#fff",
        "$card-border-color": "rgba(0, 0, 0, 0.125)",
        "$card-border-radius": ".25rem",
        "$card-border-radius-inner": "calc(.25rem - 1px)",
        "$card-border-width": "1px",
        "$card-cap-bg": "#f7f7f9",
        "$card-columns-count-lg": "2",
        "$card-columns-count-md": "2",
        "$card-columns-count-xl": "3",
        "$card-columns-count-xxl": "4",
        "$card-columns-gap-lg": "1.15rem",
        "$card-columns-gap-md": "1rem",
        "$card-columns-gap-xl": "1.25rem",
        "$card-columns-gap-xxl": "1.25rem",
        "$card-columns-margin-lg": ".75rem",
        "$card-columns-margin-md": ".75rem",
        "$card-columns-margin-xl": ".75rem",
        "$card-columns-margin-xxl": ".75rem",
        "$card-deck-margin": "15px",
        "$card-group-margin": "15px",
        "$card-img-overlay-padding": "1.25rem",
        "$card-link-hover-color": "#fff",
        "$card-spacer-x": "1.25rem",
        "$card-spacer-y": ".75rem",
        "$caret-width": ".3em",
        "$close-color": "#000",
        "$close-font-size": "1.5rem",
        "$close-font-weight": "bold",
        "$close-text-shadow": "0 1px 0 #fff",
        "$code-bg": "#f7f7f9",
        "$code-color": "#bd4147",
        "$code-font-size": "90%",
        "$code-padding-x": ".4rem",
        "$code-padding-y": ".2rem",
        "$component-active-bg": "#0275d8",
        "$component-active-color": "#fff",
        "$container-max-widths": Object {
          "lg": "960px",
          "md": "720px",
          "sm": "540px",
          "xl": "1140px",
        },
        "$cursor-disabled": "not-allowed",
        "$custom-checkbox-checked-icon": "url('data:image/svg+xml;charset=utf8,%3Csvg xmlns=\\"http://www.w3.org/2000/svg\\" viewBox=\\"0 0 8 8\\"%3E%3Cpath fill=\\"#fff\\" d=\\"M6.564.75l-3.59 3.612-1.538-1.55L0 4.26 2.974 7.25 8 2.193z\\"/%3E%3C/svg%3E')",
        "$custom-checkbox-indeterminate-bg": "#0275d8",
        "$custom-checkbox-indeterminate-box-shadow": "none",
        "$custom-checkbox-indeterminate-icon": "url('data:image/svg+xml;charset=utf8,%3Csvg xmlns=\\"http://www.w3.org/2000/svg\\" viewBox=\\"0 0 4 4\\"%3E%3Cpath stroke=\\"#fff\\" d=\\"M0 2h4\\"/%3E%3C/svg%3E')",
        "$custom-checkbox-indeterminate-indicator-color": "#fff",
        "$custom-checkbox-radius": ".25rem",
        "$custom-control-active-indicator-bg": "hsl(207.79999999999995, 98.2%, 57.7%)",
        "$custom-control-active-indicator-box-shadow": "none",
        "$custom-control-active-indicator-color": "#fff",
        "$custom-control-checked-indicator-bg": "#0275d8",
        "$custom-control-checked-indicator-box-shadow": "none",
        "$custom-control-checked-indicator-color": "#fff",
        "$custom-control-disabled-cursor": "not-allowed",
        "$custom-control-disabled-description-color": "#636c72",
        "$custom-control-disabled-indicator-bg": "#eceeef",
        "$custom-control-focus-indicator-box-shadow": "0 0 0 1px #fff, 0 0 0 3px #0275d8",
        "$custom-control-gutter": "1.5rem",
        "$custom-control-indicator-bg": "#ddd",
        "$custom-control-indicator-bg-size": "50% 50%",
        "$custom-control-indicator-box-shadow": "inset 0 .25rem .25rem rgba(0, 0, 0, 0.1)",
        "$custom-control-indicator-size": "1rem",
        "$custom-control-spacer-x": "1rem",
        "$custom-control-spacer-y": ".25rem",
        "$custom-file-bg": "#fff",
        "$custom-file-border-color": "rgba(0, 0, 0, 0.15)",
        "$custom-file-border-radius": ".25rem",
        "$custom-file-border-width": "1px",
        "$custom-file-box-shadow": "inset 0 .2rem .4rem rgba(0, 0, 0, 0.05)",
        "$custom-file-button-bg": "#eceeef",
        "$custom-file-button-color": "#464a4c",
        "$custom-file-color": "#464a4c",
        "$custom-file-focus-box-shadow": "0 0 0 .075rem #fff, 0 0 0 .2rem #0275d8",
        "$custom-file-height": "2.5rem",
        "$custom-file-line-height": "1.5",
        "$custom-file-padding-x": ".5rem",
        "$custom-file-padding-y": "1rem",
        "$custom-file-text": Object {
          "button-label": Object {
            "en": "Browse",
          },
          "placeholder": Object {
            "en": "Choose file...",
          },
        },
        "$custom-file-width": "14rem",
        "$custom-radio-checked-icon": "url('data:image/svg+xml;charset=utf8,%3Csvg xmlns=\\"http://www.w3.org/2000/svg\\" viewBox=\\"-4 -4 8 8\\"%3E%3Ccircle r=\\"3\\" fill=\\"#fff\\"/%3E%3C/svg%3E')",
        "$custom-radio-radius": "50%",
        "$custom-select-bg": "#fff",
        "$custom-select-bg-size": "8px 10px",
        "$custom-select-border-color": "rgba(0, 0, 0, 0.15)",
        "$custom-select-border-radius": ".25rem",
        "$custom-select-border-width": "1px",
        "$custom-select-color": "#464a4c",
        "$custom-select-disabled-bg": "#eceeef",
        "$custom-select-disabled-color": "#636c72",
        "$custom-select-focus-border-color": "hsl(207.79999999999995, 98.2%, 53.4%)",
        "$custom-select-focus-box-shadow": "inset 0 1px 2px rgba(0, 0, 0, 0.75), 0 0 5px rgba(hsl(207.79999999999995, 98.2%, 53.4%), .5)",
        "$custom-select-indicator": "url('data:image/svg+xml;charset=utf8,%3Csvg xmlns=\\"http://www.w3.org/2000/svg\\" viewBox=\\"0 0 4 5\\"%3E%3Cpath fill=\\"#333\\" d=\\"M2 0L0 2h4zm0 5L0 3h4z\\"/%3E%3C/svg%3E')",
        "$custom-select-indicator-color": "#333",
        "$custom-select-indicator-padding": "1rem",
        "$custom-select-line-height": "1.25",
        "$custom-select-padding-x": ".75rem ",
        "$custom-select-padding-y": ".375rem",
        "$custom-select-sm-font-size": "75%",
        "$display-line-height": "1.1",
        "$display1-size": "6rem",
        "$display1-weight": "300",
        "$display2-size": "5.5rem",
        "$display2-weight": "300",
        "$display3-size": "4.5rem",
        "$display3-weight": "300",
        "$display4-size": "3.5rem",
        "$display4-weight": "300",
        "$dropdown-bg": "#fff",
        "$dropdown-border-color": "rgba(0, 0, 0, 0.15)",
        "$dropdown-border-width": "1px",
        "$dropdown-box-shadow": "0 .5rem 1rem rgba(#000,.175)",
        "$dropdown-divider-bg": "#eceeef",
        "$dropdown-header-color": "#636c72",
        "$dropdown-item-padding-x": "1.5rem",
        "$dropdown-link-active-bg": "#0275d8",
        "$dropdown-link-active-color": "#fff",
        "$dropdown-link-color": "#292b2c",
        "$dropdown-link-disabled-color": "#636c72",
        "$dropdown-link-hover-bg": "#f7f7f9",
        "$dropdown-link-hover-color": "hsl(200, 3.5%, 15.8%)",
        "$dropdown-margin-top": ".125rem",
        "$dropdown-min-width": "10rem",
        "$dropdown-padding-y": ".5rem",
        "$dt-font-weight": "bold",
        "$enable-gradients": false,
        "$enable-grid-classes": true,
        "$enable-hover-media-query": false,
        "$enable-print-styles": true,
        "$enable-rounded": true,
        "$enable-shadows": false,
        "$enable-transitions": true,
        "$figure-caption-color": "#636c72",
        "$figure-caption-font-size": "90%",
        "$font-family-base": "-apple-system, system-ui, BlinkMacSystemFont, \\"Segoe UI\\", Roboto, \\"Helvetica Neue\\", Arial, sans-serif",
        "$font-family-monospace": "Menlo, Monaco, Consolas, \\"Liberation Mono\\", \\"Courier New\\", monospace",
        "$font-family-sans-serif": "-apple-system, system-ui, BlinkMacSystemFont, \\"Segoe UI\\", Roboto, \\"Helvetica Neue\\", Arial, sans-serif",
        "$font-size-base": "1rem",
        "$font-size-h1": "2.5rem",
        "$font-size-h2": "2rem",
        "$font-size-h3": "1.75rem",
        "$font-size-h4": "1.5rem",
        "$font-size-h5": "1.25rem",
        "$font-size-h6": "1rem",
        "$font-size-lg": "1.25rem",
        "$font-size-sm": ".875rem",
        "$font-size-xs": ".75rem",
        "$font-weight-base": "normal",
        "$font-weight-bold": "bold",
        "$font-weight-normal": "normal",
        "$form-check-inline-margin-x": ".75rem",
        "$form-check-input-gutter": "1.25rem",
        "$form-check-input-margin-x": ".25rem",
        "$form-check-input-margin-y": ".25rem",
        "$form-check-margin-bottom": ".5rem",
        "$form-feedback-margin-top": ".25rem",
        "$form-group-margin-bottom": "1rem",
        "$form-icon-danger": "url('data:image/svg+xml;charset=utf8,%3Csvg xmlns=\\"http://www.w3.org/2000/svg\\" fill=\\"#d9534f\\" viewBox=\\"-2 -2 7 7\\"%3E%3Cpath stroke=\\"%23d9534f\\" d=\\"M0 0l3 3m0-3L0 3\\"/%3E%3Ccircle r=\\".5\\"/%3E%3Ccircle cx=\\"3\\" r=\\".5\\"/%3E%3Ccircle cy=\\"3\\" r=\\".5\\"/%3E%3Ccircle cx=\\"3\\" cy=\\"3\\" r=\\".5\\"/%3E%3C/svg%3E')",
        "$form-icon-danger-color": "#d9534f",
        "$form-icon-success": "url('data:image/svg+xml;charset=utf8,%3Csvg xmlns=\\"http://www.w3.org/2000/svg\\" viewBox=\\"0 0 8 8\\"%3E%3Cpath fill=\\"#5cb85c\\" d=\\"M2.3 6.73L.6 4.53c-.4-1.04.46-1.4 1.1-.8l1.1 1.4 3.4-3.8c.6-.63 1.6-.27 1.2.7l-4 4.6c-.43.5-.8.4-1.1.1z\\"/%3E%3C/svg%3E')",
        "$form-icon-success-color": "#5cb85c",
        "$form-icon-warning": "url('data:image/svg+xml;charset=utf8,%3Csvg xmlns=\\"http://www.w3.org/2000/svg\\" viewBox=\\"0 0 8 8\\"%3E%3Cpath fill=\\"#f0ad4e\\" d=\\"M4.4 5.324h-.8v-2.46h.8zm0 1.42h-.8V5.89h.8zM3.76.63L.04 7.075c-.115.2.016.425.26.426h7.397c.242 0 .372-.226.258-.426C6.726 4.924 5.47 2.79 4.253.63c-.113-.174-.39-.174-.494 0z\\"/%3E%3C/svg%3E')",
        "$form-icon-warning-color": "#f0ad4e",
        "$form-text-margin-top": ".25rem",
        "$gray": "#464a4c",
        "$gray-dark": "#292b2c",
        "$gray-light": "#636c72",
        "$gray-lighter": "#eceeef",
        "$gray-lightest": "#f7f7f9",
        "$green": "#5cb85c",
        "$grid-breakpoints": Object {
          "lg": "992px",
          "md": "768px",
          "sm": "576px",
          "xl": "1200px",
          "xs": "0",
          "xxl": "1452px",
        },
        "$grid-columns": "12",
        "$grid-gutter-width": "30px",
        "$headings-color": "inherit",
        "$headings-font-family": "inherit",
        "$headings-font-weight": "500",
        "$headings-line-height": "1.1",
        "$headings-margin-bottom": "0.5rem",
        "$hr-border-color": "rgba(0, 0, 0, 0.1)",
        "$hr-border-width": "1px",
        "$input-bg": "#fff",
        "$input-bg-disabled": "#eceeef",
        "$input-bg-focus": "#fff",
        "$input-border-color": "rgba(0, 0, 0, 0.15)",
        "$input-border-focus": "hsl(207.79999999999995, 98.2%, 53.4%)",
        "$input-border-radius": ".25rem",
        "$input-border-radius-lg": ".3rem",
        "$input-border-radius-sm": ".2rem",
        "$input-box-shadow": "inset 0 1px 1px rgba(0, 0, 0, 0.075)",
        "$input-box-shadow-focus": "inset 0 1px 1px rgba(0, 0, 0, 0.075), 0 0 8px rgba(hsl(207.79999999999995, 98.2%, 53.4%),.6)",
        "$input-btn-border-width": "1px",
        "$input-color": "#464a4c",
        "$input-color-focus": "#464a4c",
        "$input-color-placeholder": "#636c72",
        "$input-group-addon-bg": "#eceeef",
        "$input-group-addon-border-color": "rgba(0, 0, 0, 0.15)",
        "$input-height": "2.5rem",
        "$input-height-lg": "3.5rem",
        "$input-height-sm": "1.6375rem",
        "$input-line-height": "1.25",
        "$input-padding-x": ".75rem",
        "$input-padding-x-lg": "1.5rem",
        "$input-padding-x-sm": ".5rem",
        "$input-padding-y": ".5rem",
        "$input-padding-y-lg": ".75rem",
        "$input-padding-y-sm": ".25rem",
        "$input-transition": "border-color ease-in-out .15s, box-shadow ease-in-out .15s",
        "$jumbotron-bg": "#eceeef",
        "$jumbotron-padding": "2rem",
        "$kbd-bg": "#292b2c",
        "$kbd-box-shadow": "inset 0 -.1rem 0 rgba(0, 0, 0, 0.25)",
        "$kbd-color": "#fff",
        "$label-margin-bottom": ".5rem",
        "$lead-font-size": "1.25rem",
        "$lead-font-weight": "300",
        "$line-height-base": "1.5",
        "$line-height-lg": "1.6",
        "$line-height-sm": "1.3",
        "$link-color": "#0275d8",
        "$link-decoration": "none",
        "$link-hover-color": "hsl(207.79999999999995, 98.2%, 27.8%)",
        "$link-hover-decoration": "underline",
        "$list-group-active-bg": "#0275d8",
        "$list-group-active-border": "#0275d8",
        "$list-group-active-color": "#fff",
        "$list-group-bg": "#fff",
        "$list-group-border-color": "rgba(0, 0, 0, 0.125)",
        "$list-group-border-radius": ".25rem",
        "$list-group-border-width": "1px",
        "$list-group-color": "#292b2c",
        "$list-group-disabled-bg": "#fff",
        "$list-group-disabled-color": "#636c72",
        "$list-group-hover-bg": "#f7f7f9",
        "$list-group-item-padding-x": "1.25rem",
        "$list-group-item-padding-y": ".75rem",
        "$list-group-link-active-bg": "#eceeef",
        "$list-group-link-active-color": "#292b2c",
        "$list-group-link-color": "#464a4c",
        "$list-group-link-hover-color": "#464a4c",
        "$list-inline-padding": "5px",
        "$mark-bg": "#fcf8e3",
        "$mark-padding": ".2em",
        "$modal-backdrop-bg": "#000",
        "$modal-backdrop-opacity": ".5",
        "$modal-content-bg": "#fff",
        "$modal-content-border-color": "rgba(0, 0, 0, 0.2)",
        "$modal-content-border-width": "1px",
        "$modal-content-sm-up-box-shadow": "0 5px 15px rgba(0, 0, 0, 0.5)",
        "$modal-content-xs-box-shadow": "0 3px 9px rgba(0, 0, 0, 0.5)",
        "$modal-dialog-margin": "10px",
        "$modal-dialog-sm-up-margin-y": "30px",
        "$modal-footer-border-color": "#eceeef",
        "$modal-footer-border-width": "1px",
        "$modal-header-border-color": "#eceeef",
        "$modal-header-border-width": "1px",
        "$modal-header-padding": "15px",
        "$modal-inner-padding": "15px",
        "$modal-lg": "800px",
        "$modal-md": "500px",
        "$modal-sm": "300px",
        "$modal-title-line-height": "1.5",
        "$modal-transition": "transform .3s ease-out",
        "$nav-disabled-link-color": "#636c72",
        "$nav-link-padding": ".5em 1em",
        "$nav-pills-active-link-bg": "#0275d8",
        "$nav-pills-active-link-color": "#fff",
        "$nav-pills-border-radius": ".25rem",
        "$nav-tabs-active-link-hover-bg": "#fff",
        "$nav-tabs-active-link-hover-border-color": "#ddd",
        "$nav-tabs-active-link-hover-color": "#464a4c",
        "$nav-tabs-border-color": "#ddd",
        "$nav-tabs-border-radius": ".25rem",
        "$nav-tabs-border-width": "1px",
        "$nav-tabs-link-hover-border-color": "#eceeef",
        "$navbar-brand-padding-y": ".25rem",
        "$navbar-divider-padding-y": ".425rem",
        "$navbar-inverse-active-color": "rgb(255, 255, 255)",
        "$navbar-inverse-color": "rgba(255, 255, 255, 0.5)",
        "$navbar-inverse-disabled-color": "rgba(255, 255, 255, 0.25)",
        "$navbar-inverse-hover-color": "rgba(255, 255, 255, 0.75)",
        "$navbar-inverse-toggler-bg": "url('data:image/svg+xml;charset=utf8,%3Csvg viewBox=\\"0 0 30 30\\" xmlns=\\"http://www.w3.org/2000/svg\\"%3E%3Cpath stroke=\\"rgba(255, 255, 255, 0.5)\\" stroke-width=\\"2\\" stroke-linecap=\\"round\\" stroke-miterlimit=\\"10\\" d=\\"M4 7h22M4 15h22M4 23h22\\"/%3E%3C/svg%3E')",
        "$navbar-inverse-toggler-border": "rgba(255, 255, 255, 0.1)",
        "$navbar-light-active-color": "rgba(0, 0, 0, 0.9)",
        "$navbar-light-color": "rgba(0, 0, 0, 0.5)",
        "$navbar-light-disabled-color": "rgba(0, 0, 0, 0.3)",
        "$navbar-light-hover-color": "rgba(0, 0, 0, 0.7)",
        "$navbar-light-toggler-bg": "url('data:image/svg+xml;charset=utf8,%3Csvg viewBox=\\"0 0 30 30\\" xmlns=\\"http://www.w3.org/2000/svg\\"%3E%3Cpath stroke=\\"rgba(0, 0, 0, 0.5)\\" stroke-width=\\"2\\" stroke-linecap=\\"round\\" stroke-miterlimit=\\"10\\" d=\\"M4 7h22M4 15h22M4 23h22\\"/%3E%3C/svg%3E')",
        "$navbar-light-toggler-border": "rgba(0, 0, 0, 0.1)",
        "$navbar-padding-x": "1rem",
        "$navbar-padding-y": "0.5rem",
        "$navbar-toggler-border-radius": ".25rem",
        "$navbar-toggler-font-size": "1.25rem",
        "$navbar-toggler-padding-x": ".75rem",
        "$navbar-toggler-padding-y": ".25rem",
        "$nested-kbd-font-weight": "bold",
        "$orange": "#f0ad4e",
        "$pagination-active-bg": "#0275d8",
        "$pagination-active-border": "#0275d8",
        "$pagination-active-color": "#fff",
        "$pagination-bg": "#fff",
        "$pagination-border-color": "#ddd",
        "$pagination-border-width": "1px",
        "$pagination-color": "#0275d8",
        "$pagination-disabled-bg": "#fff",
        "$pagination-disabled-border": "#ddd",
        "$pagination-disabled-color": "#636c72",
        "$pagination-hover-bg": "#eceeef",
        "$pagination-hover-border": "#ddd",
        "$pagination-hover-color": "hsl(207.79999999999995, 98.2%, 27.8%)",
        "$pagination-line-height": "1.25",
        "$pagination-padding-x": ".75rem",
        "$pagination-padding-x-lg": "1.5rem",
        "$pagination-padding-x-sm": ".5rem",
        "$pagination-padding-y": ".5rem",
        "$pagination-padding-y-lg": ".75rem",
        "$pagination-padding-y-sm": ".25rem",
        "$pink": "#ff5b77",
        "$popover-arrow-color": "#fff",
        "$popover-arrow-outer-color": "rgba(0, 0, 0, 0.1)",
        "$popover-arrow-outer-width": "11px",
        "$popover-arrow-width": "10px",
        "$popover-bg": "#fff",
        "$popover-border-color": "rgba(0, 0, 0, 0.2)",
        "$popover-border-width": "1px",
        "$popover-box-shadow": "0 5px 10px rgba(0, 0, 0, 0.2)",
        "$popover-content-padding-x": "14px",
        "$popover-content-padding-y": "9px",
        "$popover-inner-padding": "1px",
        "$popover-max-width": "276px",
        "$popover-title-bg": "hsl(0, 0%, 97%)",
        "$popover-title-padding-x": "14px",
        "$popover-title-padding-y": "8px",
        "$pre-color": "#292b2c",
        "$pre-scrollable-max-height": "340px",
        "$progress-bar-animation-timing": "1s linear infinite",
        "$progress-bar-bg": "#0275d8",
        "$progress-bar-color": "#fff",
        "$progress-bg": "#eceeef",
        "$progress-border-radius": ".25rem",
        "$progress-box-shadow": "inset 0 .1rem .1rem rgba(0, 0, 0, 0.1)",
        "$progress-font-size": ".75rem",
        "$progress-height": "1rem",
        "$purple": "#613d7c",
        "$red": "#d9534f",
        "$sizes": Object {
          "100": "100%",
          "25": "25%",
          "50": "50%",
          "75": "75%",
        },
        "$small-font-size": "80%",
        "$spacer": "1rem",
        "$spacer-halved": "0.5rem",
        "$spacer-x": "1rem",
        "$spacer-y": "1rem",
        "$spacers": Object {
          "0": Object {
            "x": 0,
            "y": 0,
          },
          "1": Object {
            "x": "0.25rem",
            "y": "0.25rem",
          },
          "2": Object {
            "x": "0.5rem",
            "y": "0.5rem",
          },
          "3": Object {
            "x": "1rem",
            "y": "1rem",
          },
          "4": Object {
            "x": "1.5rem",
            "y": "1.5rem",
          },
          "5": Object {
            "x": "3rem",
            "y": "3rem",
          },
        },
        "$state-danger-bg": "#f2dede",
        "$state-danger-border": "hsl(0, 43.5%, 86.4%)",
        "$state-danger-text": "#a94442",
        "$state-info-bg": "#d9edf7",
        "$state-info-border": "hsl(200, 65.2%, 84.6%)",
        "$state-info-text": "#31708f",
        "$state-success-bg": "#dff0d8",
        "$state-success-border": "hsl(102.5, 44.4%, 84.9%)",
        "$state-success-text": "#3c763d",
        "$state-warning-bg": "#fcf8e3",
        "$state-warning-border": "hsl(50.39999999999998, 80.6%, 89.2%)",
        "$state-warning-text": "#8a6d3b",
        "$table-bg": "transparent",
        "$table-bg-accent": "rgba(0, 0, 0, 0.05)",
        "$table-bg-active": "rgba(0, 0, 0, 0.075)",
        "$table-bg-hover": "rgba(0, 0, 0, 0.075)",
        "$table-border-color": "#eceeef",
        "$table-border-width": "1px",
        "$table-cell-padding": ".75rem",
        "$table-head-bg": "#eceeef",
        "$table-head-color": "#464a4c",
        "$table-inverse-bg": "#292b2c",
        "$table-inverse-bg-accent": "rgba(255, 255, 255, 0.05)",
        "$table-inverse-bg-hover": "rgba(255, 255, 255, 0.075)",
        "$table-inverse-border": "hsl(200, 3.5%, 17.9%)",
        "$table-inverse-color": "#fff",
        "$table-sm-cell-padding": ".3rem",
        "$teal": "#5bc0de",
        "$text-muted": "#636c72",
        "$thumbnail-bg": "#fff",
        "$thumbnail-border-color": "#ddd",
        "$thumbnail-border-radius": ".25rem",
        "$thumbnail-border-width": "1px",
        "$thumbnail-box-shadow": "0 1px 2px rgba(0, 0, 0, 0.75)",
        "$thumbnail-padding": ".25rem",
        "$thumbnail-transition": "all .2s ease-in-out",
        "$tooltip-arrow-color": "#000",
        "$tooltip-arrow-width": "5px",
        "$tooltip-bg": "#000",
        "$tooltip-color": "#fff",
        "$tooltip-margin": "3px",
        "$tooltip-max-width": "200px",
        "$tooltip-opacity": ".9",
        "$tooltip-padding-x": "8px",
        "$tooltip-padding-y": "3px",
        "$transition-base": "all .2s ease-in-out",
        "$transition-collapse": "height .35s ease",
        "$transition-fade": "opacity .15s linear",
        "$white": "#fff",
        "$yellow": "#ffd500",
        "$zindex-dropdown": "1000",
        "$zindex-dropdown-backdrop": "990",
        "$zindex-modal": "2050",
        "$zindex-modal-backdrop": "2040",
        "$zindex-navbar": "1000",
        "$zindex-navbar-fixed": "1030",
        "$zindex-navbar-sticky": "1030",
        "$zindex-popover": "1060",
        "$zindex-tooltip": "1070",
        "_name": "bootstrap-styled",
      }
    }
    utils={
      Object {
        "align": true,
        "background": true,
        "border": true,
        "clearfix": true,
        "cursor": true,
        "display": true,
        "flex": true,
        "float": true,
        "position": true,
        "screenreaders": true,
        "sizing": true,
        "spacing": true,
        "text": true,
        "transition": true,
        "visibility": true,
      }
    }
  >
    <Header />
    <Switch>
      <Route
        component={[Function]}
        exact={true}
        path="/"
      />
      <Route
        component={[Function]}
      />
    </Switch>
    <Footer />
    <GlobalStyleComponent />
  </BootstrapProvider>
</div>
`;
